Microchip MPLAB XC8 Compiler V2.46

Linker command line:

-W-3 \
  --edf=C:/Users/armag/.mchp_packs/Microchip/PIC16F1xxxx_DFP/1.27.418/xc8\pic\dat\20250328203328_en.msgs \
  -cn -h+dist/default/debug\OLEDPIC16F15224.X.debug.sym \
  --cmf=dist/default/debug\OLEDPIC16F15224.X.debug.cmf -z -Q16F15224 \
  -oC:\Users\armag\AppData\Local\Temp\xcAsu28.\driver_tmp_3.o \
  --defsym=__MPLAB_BUILD=1 --fixupoverflow=error \
  -Mdist/default/debug/OLEDPIC16F15224.X.debug.map \
  --md=C:\Users\armag\AppData\Local\Temp\xcAsu28.\driver_tmp_0.dat -E1 \
  -ver=XC8 Compiler --acfsm=1493 -ACODE=00h-07FFhx2 -ASTRCODE=00h-0FFFh \
  -ASTRING=00h-0FFhx16 -ACONST=00h-0FFhx16 -AENTRY=00h-0FFhx16 \
  -ACOMMON=070h-07Fh -ABANK0=020h-06Fh -ABANK1=0A0h-0EFh \
  -ABANK2=0120h-016Fh -ABANK3=01A0h-01EFh -ABANK4=0220h-026Fh \
  -ABANK5=02A0h-02EFh -ABANK6=0320h-032Fh -ABIGRAM=02000h-021EFh \
  -ARAM=020h-06Fh,0A0h-0EFh,0120h-016Fh,01A0h-01EFh,0220h-026Fh,02A0h-02EFh,0320h-032Fh \
  -AABS1=020h-07Fh,0A0h-0EFh,0120h-016Fh,01A0h-01EFh,0220h-026Fh,02A0h-02EFh,0320h-032Fh \
  -ASFR0=00h-01Fh -ASFR1=080h-09Fh -ASFR2=0100h-011Fh -ASFR3=0180h-019Fh \
  -ASFR4=0200h-021Fh -ASFR5=0280h-029Fh -ASFR6=0300h-031Fh \
  -ASFR7=0380h-03EFh -ASFR8=0400h-046Fh -ASFR9=0480h-04EFh \
  -ASFR10=0500h-056Fh -ASFR11=0580h-05EFh -ASFR12=0600h-066Fh \
  -ASFR13=0680h-06EFh -ASFR14=0700h-076Fh -ASFR15=0780h-07EFh \
  -ASFR16=0800h-086Fh -ASFR17=0880h-08EFh -ASFR18=0900h-096Fh \
  -ASFR19=0980h-09EFh -ASFR20=0A00h-0A6Fh -ASFR21=0A80h-0AEFh \
  -ASFR22=0B00h-0B6Fh -ASFR23=0B80h-0BEFh -ASFR24=0C00h-0C6Fh \
  -ASFR25=0C80h-0CEFh -ASFR26=0D00h-0D6Fh -ASFR27=0D80h-0DEFh \
  -ASFR28=0E00h-0E6Fh -ASFR29=0E80h-0EEFh -ASFR30=0F00h-0F6Fh \
  -ASFR31=0F80h-0FEFh -ASFR32=01000h-0106Fh -ASFR33=01080h-010EFh \
  -ASFR34=01100h-0116Fh -ASFR35=01180h-011EFh -ASFR36=01200h-0126Fh \
  -ASFR37=01280h-012EFh -ASFR38=01300h-0136Fh -ASFR39=01380h-013EFh \
  -ASFR40=01400h-0146Fh -ASFR41=01480h-014EFh -ASFR42=01500h-0156Fh \
  -ASFR43=01580h-015EFh -ASFR44=01600h-0166Fh -ASFR45=01680h-016EFh \
  -ASFR46=01700h-0176Fh -ASFR47=01780h-017EFh -ASFR48=01800h-0186Fh \
  -ASFR49=01880h-018EFh -ASFR50=01900h-0196Fh -ASFR51=01980h-019EFh \
  -ASFR52=01A00h-01A6Fh -ASFR53=01A80h-01AEFh -ASFR54=01B00h-01B6Fh \
  -ASFR55=01B80h-01BEFh -ASFR56=01C00h-01C6Fh -ASFR57=01C80h-01CEFh \
  -ASFR58=01D00h-01D6Fh -ASFR59=01D80h-01DEFh -ASFR60=01E00h-01E6Fh \
  -ASFR61=01E80h-01EEFh -ASFR62=01F00h-01F6Fh -ASFR63=01F80h-01FEFh \
  -ACONFIG=08007h-0800Bh -DCONFIG=2 -AIDLOC=08000h-08003h -DIDLOC=2 \
  -DCODE=2 -DSTRCODE=2 -DSTRING=2 -DCONST=2 -DENTRY=2 \
  -preset_vec=00h,intentry=04h,sivt,init,end_init -ppowerup=CODE \
  -pcinit=CODE -pfunctab=ENTRY -k \
  C:\Users\armag\AppData\Local\Temp\xcAsu28.\driver_tmp_12.o \
  dist/default/debug\OLEDPIC16F15224.X.debug.o 

Object code version is 3.11

Machine type is 16F15224



                Name                               Link     Load   Length Selector   Space Scale
C:\Users\armag\AppData\Local\Temp\xcAsu28.\driver_tmp_12.o
                end_init                             25       25        2        8       0
                reset_vec                             0        0        2        0       0
                config                             8007     8007        5        0       4
dist/default/debug\OLEDPIC16F15224.X.debug.o
                cinit                                27       27       20        8       0
                intentry                              4        4       21        8       0
                config                             8007     8007        5        0       4
                text58                              6E8      6E8        4      CCA       0
                text57                              704      704        3      CCA       0
                text56                              701      701        3      CCA       0
                text55                              6E4      6E4        4      CCA       0
                text54                              5D5      5D5       14      BAA       0
                text53                              6FE      6FE        3      CCA       0
                text52                              6E0      6E0        4      CCA       0
                text51                              6FB      6FB        3      CCA       0
                text50                              6DC      6DC        4      CCA       0
                text49                              6D8      6D8        4      CCA       0
                text48                              6F8      6F8        3      CCA       0
                text47                              6F5      6F5        3      CCA       0
                text46                              6C3      6C3        5      CCA       0
                text45                              6F2      6F2        3      CCA       0
                text44                              49A      49A       2C      934       0
                text43                              6D4      6D4        4      CCA       0
                text42                              676      676        8      CCA       0
                text41                              693      693        7      CCA       0
                text40                              3C1      3C1       40        8       0
                text39                              6B8      6B8        6      CCA       0
                text38                              6B2      6B2        6      CCA       0
                text37                              66E      66E        8      CCA       0
                text36                              68C      68C        7      CCA       0
                text35                              56C      56C       1D      A1C       0
                text34                              6D0      6D0        4      CCA       0
                text33                              685      685        7      CCA       0
                text32                              6BE      6BE        5      CCA       0
                text31                              6AC      6AC        6      CCA       0
                text30                              2E0      2E0       4D        8       0
                text29                              6CC      6CC        4      CCA       0
                text27                              1D4      1D4       60        8       0
                text26                              234      234       5D        8       0
                text25                              50E      50E       20      A1C       0
                text24                               E0       E0       7C        8       0
                text23                              15C      15C       78        8       0
                text22                              5A5      5A5       1C      A1C       0
                text21                              608      608        D      BAA       0
                text20                              4C6      4C6       27      934       0
                text19                              6EF      6EF        3      CCA       0
                text18                              6EC      6EC        3      CCA       0
                text17                              67E      67E        7      CCA       0
                text16                              54D      54D       1F      A1C       0
                text15                              378      378       49        8       0
                text14                              589      589       1C      A1C       0
                text13                              32D      32D       4B        8       0
                text12                              665      665        9      CCA       0
                text11                               47       47       99        8       0
                text10                              6A6      6A6        6      CCA       0
                text9                               645      645        C      C5A       0
                text8                               639      639        C      C5A       0
                text7                               52E      52E       1F      A1C       0
                text6                               6C8      6C8        4      CCA       0
                text5                               5F9      5F9        F      BAA       0
                text4                               6A0      6A0        6      CCA       0
                text3                               62D      62D        C      C5A       0
                text2                               438      438       32      870       0
                text1                               5E9      5E9       10      BAA       0
                maintext                            291      291       4F        8       0
                cstackBANK0                          20       20       2E       20       1
                cstackCOMMON                         70       70        5       70       1
                clrtext                             69A      69A        6      CCA       0
                bssBANK2                            120      120       40      120       1
                bssBANK1                             A0       A0       21       A0       1
                bssBANK0                             4E       4E       17       20       1
                bssCOMMON                            75       75        4       70       1
                stringtext8                         65C      65C        9      CA2       0
                stringtext7                         651      651        B      CA2       0
                stringtext6                         621      621        C      C2A       0
                stringtext5                         615      615        C      C2A       0
                stringtext4                         4ED      4ED       21      9DA       0
                stringtext3                         5C1      5C1       14      B82       0
                stringtext2                         46A      46A       30      8D4       0
                stringtext1                         401      401       37      802       0

TOTAL           Name                               Link     Load   Length     Space
        CLASS   CODE           
                end_init                             25       25        2         0
                cinit                                27       27       20         0
                intentry                              4        4       21         0
                reset_vec                             0        0        2         0
                text58                              6E8      6E8        4         0
                text57                              704      704        3         0
                text56                              701      701        3         0
                text55                              6E4      6E4        4         0
                text54                              5D5      5D5       14         0
                text53                              6FE      6FE        3         0
                text52                              6E0      6E0        4         0
                text51                              6FB      6FB        3         0
                text50                              6DC      6DC        4         0
                text49                              6D8      6D8        4         0
                text48                              6F8      6F8        3         0
                text47                              6F5      6F5        3         0
                text46                              6C3      6C3        5         0
                text45                              6F2      6F2        3         0
                text44                              49A      49A       2C         0
                text43                              6D4      6D4        4         0
                text42                              676      676        8         0
                text41                              693      693        7         0
                text40                              3C1      3C1       40         0
                text39                              6B8      6B8        6         0
                text38                              6B2      6B2        6         0
                text37                              66E      66E        8         0
                text36                              68C      68C        7         0
                text35                              56C      56C       1D         0
                text34                              6D0      6D0        4         0
                text33                              685      685        7         0
                text32                              6BE      6BE        5         0
                text31                              6AC      6AC        6         0
                text30                              2E0      2E0       4D         0
                text29                              6CC      6CC        4         0
                text27                              1D4      1D4       60         0
                text26                              234      234       5D         0
                text25                              50E      50E       20         0
                text24                               E0       E0       7C         0
                text23                              15C      15C       78         0
                text22                              5A5      5A5       1C         0
                text21                              608      608        D         0
                text20                              4C6      4C6       27         0
                text19                              6EF      6EF        3         0
                text18                              6EC      6EC        3         0
                text17                              67E      67E        7         0
                text16                              54D      54D       1F         0
                text15                              378      378       49         0
                text14                              589      589       1C         0
                text13                              32D      32D       4B         0
                text12                              665      665        9         0
                text11                               47       47       99         0
                text10                              6A6      6A6        6         0
                text9                               645      645        C         0
                text8                               639      639        C         0
                text7                               52E      52E       1F         0
                text6                               6C8      6C8        4         0
                text5                               5F9      5F9        F         0
                text4                               6A0      6A0        6         0
                text3                               62D      62D        C         0
                text2                               438      438       32         0
                text1                               5E9      5E9       10         0
                maintext                            291      291       4F         0
                clrtext                             69A      69A        6         0

        CLASS   STRCODE        
                stringtext8                         65C      65C        9         0
                stringtext7                         651      651        B         0
                stringtext6                         621      621        C         0
                stringtext5                         615      615        C         0
                stringtext4                         4ED      4ED       21         0
                stringtext3                         5C1      5C1       14         0
                stringtext2                         46A      46A       30         0
                stringtext1                         401      401       37         0

        CLASS   STRING         

        CLASS   CONST          

        CLASS   ENTRY          

        CLASS   COMMON         
                cstackCOMMON                         70       70        5         1
                bssCOMMON                            75       75        4         1

        CLASS   BANK0          
                cstackBANK0                          20       20       2E         1
                bssBANK0                             4E       4E       17         1

        CLASS   BANK1          
                bssBANK1                             A0       A0       21         1

        CLASS   BANK2          
                bssBANK2                            120      120       40         1

        CLASS   BANK3          

        CLASS   BANK4          

        CLASS   BANK5          

        CLASS   BANK6          

        CLASS   BIGRAM         

        CLASS   RAM            

        CLASS   ABS1           
                abs_s1                               7E       7E        2         1

        CLASS   SFR0           

        CLASS   SFR1           

        CLASS   SFR2           

        CLASS   SFR3           

        CLASS   SFR4           

        CLASS   SFR5           

        CLASS   SFR6           

        CLASS   SFR7           

        CLASS   SFR8           

        CLASS   SFR9           

        CLASS   SFR10          

        CLASS   SFR11          

        CLASS   SFR12          

        CLASS   SFR13          

        CLASS   SFR14          

        CLASS   SFR15          

        CLASS   SFR16          

        CLASS   SFR17          

        CLASS   SFR18          

        CLASS   SFR19          

        CLASS   SFR20          

        CLASS   SFR21          

        CLASS   SFR22          

        CLASS   SFR23          

        CLASS   SFR24          

        CLASS   SFR25          

        CLASS   SFR26          

        CLASS   SFR27          

        CLASS   SFR28          

        CLASS   SFR29          

        CLASS   SFR30          

        CLASS   SFR31          

        CLASS   SFR32          

        CLASS   SFR33          

        CLASS   SFR34          

        CLASS   SFR35          

        CLASS   SFR36          

        CLASS   SFR37          

        CLASS   SFR38          

        CLASS   SFR39          

        CLASS   SFR40          

        CLASS   SFR41          

        CLASS   SFR42          

        CLASS   SFR43          

        CLASS   SFR44          

        CLASS   SFR45          

        CLASS   SFR46          

        CLASS   SFR47          

        CLASS   SFR48          

        CLASS   SFR49          

        CLASS   SFR50          

        CLASS   SFR51          

        CLASS   SFR52          

        CLASS   SFR53          

        CLASS   SFR54          

        CLASS   SFR55          

        CLASS   SFR56          

        CLASS   SFR57          

        CLASS   SFR58          

        CLASS   SFR59          

        CLASS   SFR60          

        CLASS   SFR61          

        CLASS   SFR62          

        CLASS   SFR63          

        CLASS   CONFIG         
                config                             8007     8007        5         4

        CLASS   IDLOC          

        CLASS   BANK63         

        CLASS   BANK62         

        CLASS   BANK61         

        CLASS   BANK60         

        CLASS   BANK59         

        CLASS   BANK58         

        CLASS   BANK57         

        CLASS   BANK56         

        CLASS   BANK55         

        CLASS   BANK54         

        CLASS   BANK53         

        CLASS   BANK52         

        CLASS   BANK51         

        CLASS   BANK50         

        CLASS   BANK49         

        CLASS   BANK48         

        CLASS   BANK47         

        CLASS   BANK46         

        CLASS   BANK45         

        CLASS   BANK44         

        CLASS   BANK43         

        CLASS   BANK42         

        CLASS   BANK41         

        CLASS   BANK40         

        CLASS   BANK39         

        CLASS   BANK38         

        CLASS   BANK37         

        CLASS   BANK36         

        CLASS   BANK35         

        CLASS   BANK34         

        CLASS   BANK33         

        CLASS   BANK32         

        CLASS   BANK31         

        CLASS   BANK30         

        CLASS   BANK29         

        CLASS   BANK28         

        CLASS   BANK27         

        CLASS   BANK26         

        CLASS   BANK25         

        CLASS   BANK24         

        CLASS   BANK23         

        CLASS   BANK22         

        CLASS   BANK21         

        CLASS   BANK20         

        CLASS   BANK19         

        CLASS   BANK18         

        CLASS   BANK17         

        CLASS   BANK16         

        CLASS   BANK15         

        CLASS   BANK14         

        CLASS   BANK13         

        CLASS   BANK12         

        CLASS   BANK11         

        CLASS   BANK10         

        CLASS   BANK9          

        CLASS   BANK8          

        CLASS   BANK7          

        CLASS   HEAP           

        CLASS   STACK          

        CLASS   EEDATA         



SEGMENTS        Name                           Load    Length   Top    Selector   Space  Class     Delta

                reset_vec                      000000  000002  000002         0       0  CODE        2
                intentry                       000004  0003FD  000401         8       0  CODE        2
                cstackBANK0                    000020  000045  000065        20       1  BANK0       1
                cstackCOMMON                   000070  000009  000079        70       1  COMMON      1
                bssBANK1                       0000A0  000021  0000C1        A0       1  BANK1       1
                bssBANK2                       000120  000040  000160       120       1  BANK2       1
                stringtext1                    000401  000037  000438       802       0  STRCODE     2
                text2                          000438  000032  00046A       870       0  CODE        2
                stringtext2                    00046A  000030  00049A       8D4       0  STRCODE     2
                text44                         00049A  000053  0004ED       934       0  CODE        2
                stringtext4                    0004ED  000021  00050E       9DA       0  STRCODE     2
                text25                         00050E  0000B3  0005C1       A1C       0  CODE        2
                stringtext3                    0005C1  000014  0005D5       B82       0  STRCODE     2
                text54                         0005D5  000040  000615       BAA       0  CODE        2
                stringtext5                    000615  000018  00062D       C2A       0  STRCODE     2
                text3                          00062D  000024  000651       C5A       0  CODE        2
                stringtext7                    000651  000014  000665       CA2       0  STRCODE     2
                text12                         000665  0000A2  000707       CCA       0  CODE        2


UNUSED ADDRESS RANGES

        Name                Unused          Largest block    Delta
        BANK0            00065-0006F               B           1
        BANK1            000C1-000EF              2F           1
        BANK2            00160-0016F              10           1
        BANK3            001A0-001EF              50           1
        BANK4            00220-0026F              50           1
        BANK5            002A0-002EF              50           1
        BANK6            00320-0032F              10           1
        BIGRAM           02000-021EF             1F0           1
        CODE             00002-00003               2           2
                         00707-00FFF              F9
        COMMON           00079-0007D               5           1
        CONST            00002-00003               2           2
                         00707-00FFF             100
        ENTRY            00002-00003               2           2
                         00707-00FFF             100
        IDLOC            08000-08003               4           2
        RAM              00065-0006F               B           1
                         000C1-000EF              2F
                         00160-0016F              10
                         001A0-001EF              50
                         00220-0026F              50
                         002A0-002EF              50
                         00320-0032F              10
        SFR0             00000-0001F              20           1
        SFR1             00080-0009F              20           1
        SFR10            00500-0056F              70           1
        SFR11            00580-005EF              70           1
        SFR12            00600-0066F              70           1
        SFR13            00680-006EF              70           1
        SFR14            00700-0076F              70           1
        SFR15            00780-007EF              70           1
        SFR16            00800-0086F              70           1
        SFR17            00880-008EF              70           1
        SFR18            00900-0096F              70           1
        SFR19            00980-009EF              70           1
        SFR2             00100-0011F              20           1
        SFR20            00A00-00A6F              70           1
        SFR21            00A80-00AEF              70           1
        SFR22            00B00-00B6F              70           1
        SFR23            00B80-00BEF              70           1
        SFR24            00C00-00C6F              70           1
        SFR25            00C80-00CEF              70           1
        SFR26            00D00-00D6F              70           1
        SFR27            00D80-00DEF              70           1
        SFR28            00E00-00E6F              70           1
        SFR29            00E80-00EEF              70           1
        SFR3             00180-0019F              20           1
        SFR30            00F00-00F6F              70           1
        SFR31            00F80-00FEF              70           1
        SFR32            01000-0106F              70           1
        SFR33            01080-010EF              70           1
        SFR34            01100-0116F              70           1
        SFR35            01180-011EF              70           1
        SFR36            01200-0126F              70           1
        SFR37            01280-012EF              70           1
        SFR38            01300-0136F              70           1
        SFR39            01380-013EF              70           1
        SFR4             00200-0021F              20           1
        SFR40            01400-0146F              70           1
        SFR41            01480-014EF              70           1
        SFR42            01500-0156F              70           1
        SFR43            01580-015EF              70           1
        SFR44            01600-0166F              70           1
        SFR45            01680-016EF              70           1
        SFR46            01700-0176F              70           1
        SFR47            01780-017EF              70           1
        SFR48            01800-0186F              70           1
        SFR49            01880-018EF              70           1
        SFR5             00280-0029F              20           1
        SFR50            01900-0196F              70           1
        SFR51            01980-019EF              70           1
        SFR52            01A00-01A6F              70           1
        SFR53            01A80-01AEF              70           1
        SFR54            01B00-01B6F              70           1
        SFR55            01B80-01BEF              70           1
        SFR56            01C00-01C6F              70           1
        SFR57            01C80-01CEF              70           1
        SFR58            01D00-01D6F              70           1
        SFR59            01D80-01DEF              70           1
        SFR6             00300-0031F              20           1
        SFR60            01E00-01E6F              70           1
        SFR61            01E80-01EEF              70           1
        SFR62            01F00-01F6F              70           1
        SFR63            01F80-01FEF              70           1
        SFR7             00380-003EF              70           1
        SFR8             00400-0046F              70           1
        SFR9             00480-004EF              70           1
        STRCODE          00002-00003               2           2
                         00707-00FFF             8F9
        STRING           00002-00003               2           2
                         00707-00FFF             100

                                  Symbol Table

?___awdiv                                            cstackBANK0  00020
?___wmul                                             cstackBANK0  00020
EUSART1_FramingErrorCallbackRegister@callbackHandler cstackBANK0  00020
EUSART1_OverrunErrorCallbackRegister@callbackHandler cstackBANK0  00020
I2C1_DataTransmit@data                               cstackCOMMON 00070
I2C1_EVENT_ERROR@retEventState                       cstackCOMMON 00070
I2C1_EVENT_NACK@retEventState                        cstackCOMMON 00070
I2C1_EVENT_RX@retEventState                          cstackCOMMON 00071
I2C1_EVENT_TX@retEventState                          cstackCOMMON 00072
I2C1_Write@address                                   cstackBANK0  00020
I2C1_Write@data                                      cstackBANK0  00022
I2C1_Write@dataLength                                cstackBANK0  00023
INT_SetInterruptHandler@InterruptHandler             cstackBANK0  00020
OLED_DrawChar@character                              cstackBANK0  00036
OLED_DrawChar@col                                    cstackBANK0  00041
OLED_DrawChar@font_char_offset                       cstackBANK0  0003D
OLED_DrawChar@font_column_data                       cstackBANK0  0003F
OLED_DrawChar@row_bit                                cstackBANK0  00042
OLED_DrawChar@x                                      cstackBANK0  00040
OLED_DrawChar@y                                      cstackBANK0  00035
OLED_DrawString@character                            cstackBANK0  00049
OLED_DrawString@current_x                            cstackBANK0  0004B
OLED_DrawString@str                                  cstackBANK0  00044
OLED_DrawString@x                                    cstackBANK0  0004A
OLED_DrawString@y                                    cstackBANK0  00043
OLED_Init@cmd_seq                                    cstackBANK0  00034
OLED_RefreshScreen@page                              cstackBANK0  00031
OLED_SetPixel@bit_mask                               cstackBANK0  00032
OLED_SetPixel@byte_index                             cstackBANK0  00033
OLED_SetPixel@color                                  cstackBANK0  0002A
OLED_SetPixel@x                                      cstackBANK0  00031
OLED_SetPixel@y                                      cstackBANK0  00029
_ANSELA                                              (abs)        01F38
_ANSELC                                              (abs)        01F4E
_BAUD1CON                                            (abs)        0011F
_BAUD1CONbits                                        (abs)        0011F
_CLOCK_Initialize                                    text10       006A6
_EUSART1_AutoBaudQuery                               (abs)        00000
_EUSART1_AutoBaudSet                                 (abs)        00000
_EUSART1_DefaultFramingErrorCallback                 (abs)        00000
_EUSART1_DefaultOverrunErrorCallback                 (abs)        00000
_EUSART1_Deinitialize                                (abs)        00000
_EUSART1_ErrorGet                                    (abs)        00000
_EUSART1_FramingErrorCallbackRegister                text9        00645
_EUSART1_FramingErrorHandler                         bssCOMMON    00075
_EUSART1_Initialize                                  text7        0052E
_EUSART1_IsRxReady                                   (abs)        00000
_EUSART1_IsTxDone                                    (abs)        00000
_EUSART1_IsTxReady                                   (abs)        00000
_EUSART1_OverrunErrorCallbackRegister                text8        00639
_EUSART1_OverrunErrorHandler                         bssBANK0     0005B
_EUSART1_Read                                        (abs)        00000
_EUSART1_TransmitDisable                             (abs)        00000
_EUSART1_TransmitEnable                              (abs)        00000
_EUSART1_Write                                       (abs)        00000
_I2C1_AckSend                                        text52       006E0
_I2C1_BusReset                                       text58       006E8
_I2C1_Callback                                       bssBANK0     0005F
_I2C1_CallbackRegister                               (abs)        00000
_I2C1_Close                                          text54       005D5
_I2C1_DataReceive                                    text51       006FB
_I2C1_DataTransmit                                   text46       006C3
_I2C1_Deinitialize                                   (abs)        00000
_I2C1_ERROR_ISR                                      text34       006D0
_I2C1_EVENT_ERROR                                    text38       006B2
_I2C1_EVENT_IDLE                                     text43       006D4
_I2C1_EVENT_NACK                                     text39       006B8
_I2C1_EVENT_RESET                                    text36       0068C
_I2C1_EVENT_RX                                       text40       003C1
_I2C1_EVENT_SEND_RD_ADDR                             text42       00676
_I2C1_EVENT_SEND_WR_ADDR                             text41       00693
_I2C1_EVENT_STOP                                     text37       0066E
_I2C1_EVENT_TX                                       text44       0049A
_I2C1_ErrorEventHandler                              text35       0056C
_I2C1_ErrorGet                                       (abs)        00000
_I2C1_ErrorInterruptClear                            text57       00704
_I2C1_EventHandler                                   text30       002E0
_I2C1_ISR                                            text29       006CC
_I2C1_Initialize                                     text5        005F9
_I2C1_InterruptClear                                 text56       00701
_I2C1_InterruptsEnable                               text6        006C8
_I2C1_IsAddr                                         text33       00685
_I2C1_IsBusy                                         text19       006EF
_I2C1_IsData                                         text32       006BE
_I2C1_IsNack                                         text31       006AC
_I2C1_IsRxBufFull                                    text50       006DC
_I2C1_NackSend                                       text49       006D8
_I2C1_Read                                           (abs)        00000
_I2C1_ReceiveEnable                                  text48       006F8
_I2C1_RestartDisable                                 text47       006F5
_I2C1_RestartEnable                                  text45       006F2
_I2C1_StartSend                                      text18       006EC
_I2C1_StatusFlagsClear                               text55       006E4
_I2C1_StopSend                                       text53       006FE
_I2C1_Write                                          text16       0054D
_I2C1_WriteRead                                      (abs)        00000
_I2C1_WriteStart                                     text17       0067E
_INLVLA                                              (abs)        01F3C
_INLVLC                                              (abs)        01F52
_INTCONbits                                          (abs)        0000B
_INTERRUPT_Initialize                                text3        0062D
_INTERRUPT_InterruptManager                          intentry     00004
_INT_DefaultInterruptHandler                         (abs)        00000
_INT_InterruptHandler                                bssCOMMON    00077
_INT_SetInterruptHandler                             text4        006A0
_IOCAF                                               (abs)        01F3F
_IOCAN                                               (abs)        01F3E
_IOCAP                                               (abs)        01F3D
_IOCCF                                               (abs)        01F55
_IOCCN                                               (abs)        01F54
_IOCCP                                               (abs)        01F53
_LATA                                                (abs)        00018
_LATC                                                (abs)        0001A
_ODCONA                                              (abs)        01F3A
_ODCONC                                              (abs)        01F50
_OLED_ClearScreen                                    text21       00608
_OLED_DrawChar                                       text24       000E0
_OLED_DrawString                                     text23       0015C
_OLED_Init                                           text11       00047
_OLED_RefreshScreen                                  text13       0032D
_OLED_SetPixel                                       text26       00234
_OSCEN                                               (abs)        00891
_OSCFRQ                                              (abs)        00893
_OSCTUNE                                             (abs)        00892
_PIE1bits                                            (abs)        00717
_PIN_MANAGER_Initialize                              text2        00438
_PIR0bits                                            (abs)        0070C
_PIR1bits                                            (abs)        0070D
_RC0PPS                                              (abs)        01F20
_RC1PPS                                              (abs)        01F21
_RC1REG                                              (abs)        00119
_RC1STA                                              (abs)        0011D
_RC1STAbits                                          (abs)        0011D
_RC5PPS                                              (abs)        01F25
_RX1PPS                                              (abs)        01ECB
_SLRCONA                                             (abs)        01F3B
_SLRCONC                                             (abs)        01F51
_SP1BRGH                                             (abs)        0011C
_SP1BRGL                                             (abs)        0011B
_SSP1ADD                                             (abs)        0018D
_SSP1BUF                                             (abs)        0018C
_SSP1CLKPPS                                          (abs)        01EC5
_SSP1CON1                                            (abs)        00190
_SSP1CON1bits                                        (abs)        00190
_SSP1CON2                                            (abs)        00191
_SSP1CON2bits                                        (abs)        00191
_SSP1CON3                                            (abs)        00192
_SSP1DATPPS                                          (abs)        01EC6
_SSP1STAT                                            (abs)        0018F
_SSP1STATbits                                        (abs)        0018F
_SYSTEM_Initialize                                   text1        005E9
_TRISA                                               (abs)        00012
_TRISC                                               (abs)        00014
_TX1REG                                              (abs)        0011A
_TX1STA                                              (abs)        0011E
_TX1STAbits                                          (abs)        0011E
_WPUA                                                (abs)        01F39
_WPUC                                                (abs)        01F4F
__H__absolute__                                      __absolute__ 00000
__Habs1                                              abs1         00000
__Hbank0                                             bank0        00000
__Hbank1                                             bank1        00000
__Hbank10                                            bank10       00000
__Hbank11                                            bank11       00000
__Hbank12                                            bank12       00000
__Hbank13                                            bank13       00000
__Hbank14                                            bank14       00000
__Hbank15                                            bank15       00000
__Hbank16                                            bank16       00000
__Hbank17                                            bank17       00000
__Hbank18                                            bank18       00000
__Hbank19                                            bank19       00000
__Hbank2                                             bank2        00000
__Hbank20                                            bank20       00000
__Hbank21                                            bank21       00000
__Hbank22                                            bank22       00000
__Hbank23                                            bank23       00000
__Hbank24                                            bank24       00000
__Hbank25                                            bank25       00000
__Hbank26                                            bank26       00000
__Hbank27                                            bank27       00000
__Hbank28                                            bank28       00000
__Hbank29                                            bank29       00000
__Hbank3                                             bank3        00000
__Hbank30                                            bank30       00000
__Hbank31                                            bank31       00000
__Hbank32                                            bank32       00000
__Hbank33                                            bank33       00000
__Hbank34                                            bank34       00000
__Hbank35                                            bank35       00000
__Hbank36                                            bank36       00000
__Hbank37                                            bank37       00000
__Hbank38                                            bank38       00000
__Hbank39                                            bank39       00000
__Hbank4                                             bank4        00000
__Hbank40                                            bank40       00000
__Hbank41                                            bank41       00000
__Hbank42                                            bank42       00000
__Hbank43                                            bank43       00000
__Hbank44                                            bank44       00000
__Hbank45                                            bank45       00000
__Hbank46                                            bank46       00000
__Hbank47                                            bank47       00000
__Hbank48                                            bank48       00000
__Hbank49                                            bank49       00000
__Hbank5                                             bank5        00000
__Hbank50                                            bank50       00000
__Hbank51                                            bank51       00000
__Hbank52                                            bank52       00000
__Hbank53                                            bank53       00000
__Hbank54                                            bank54       00000
__Hbank55                                            bank55       00000
__Hbank56                                            bank56       00000
__Hbank57                                            bank57       00000
__Hbank58                                            bank58       00000
__Hbank59                                            bank59       00000
__Hbank6                                             bank6        00000
__Hbank60                                            bank60       00000
__Hbank61                                            bank61       00000
__Hbank62                                            bank62       00000
__Hbank63                                            bank63       00000
__Hbank7                                             bank7        00000
__Hbank8                                             bank8        00000
__Hbank9                                             bank9        00000
__Hbigram                                            bigram       00000
__HbssBANK0                                          bssBANK0     00000
__HbssBANK1                                          bssBANK1     00000
__HbssBANK2                                          bssBANK2     00000
__HbssCOMMON                                         bssCOMMON    00000
__Hcinit                                             cinit        00047
__Hclrtext                                           clrtext      00000
__Hcode                                              code         00000
__Hcommon                                            common       00000
__Hconfig                                            config       0800C
__HcstackBANK0                                       cstackBANK0  00000
__HcstackCOMMON                                      cstackCOMMON 00000
__Heeprom_data                                       eeprom_data  00000
__Hend_init                                          end_init     00027
__Hfunctab                                           functab      00000
__Hheap                                              heap         00000
__Hinit                                              init         00025
__Hintentry                                          intentry     00025
__Hmaintext                                          maintext     00000
__Hpowerup                                           powerup      00000
__Hram                                               ram          00000
__Hreset_vec                                         reset_vec    00002
__Hsfr0                                              sfr0         00000
__Hsfr1                                              sfr1         00000
__Hsfr10                                             sfr10        00000
__Hsfr11                                             sfr11        00000
__Hsfr12                                             sfr12        00000
__Hsfr13                                             sfr13        00000
__Hsfr14                                             sfr14        00000
__Hsfr15                                             sfr15        00000
__Hsfr16                                             sfr16        00000
__Hsfr17                                             sfr17        00000
__Hsfr18                                             sfr18        00000
__Hsfr19                                             sfr19        00000
__Hsfr2                                              sfr2         00000
__Hsfr20                                             sfr20        00000
__Hsfr21                                             sfr21        00000
__Hsfr22                                             sfr22        00000
__Hsfr23                                             sfr23        00000
__Hsfr24                                             sfr24        00000
__Hsfr25                                             sfr25        00000
__Hsfr26                                             sfr26        00000
__Hsfr27                                             sfr27        00000
__Hsfr28                                             sfr28        00000
__Hsfr29                                             sfr29        00000
__Hsfr3                                              sfr3         00000
__Hsfr30                                             sfr30        00000
__Hsfr31                                             sfr31        00000
__Hsfr32                                             sfr32        00000
__Hsfr33                                             sfr33        00000
__Hsfr34                                             sfr34        00000
__Hsfr35                                             sfr35        00000
__Hsfr36                                             sfr36        00000
__Hsfr37                                             sfr37        00000
__Hsfr38                                             sfr38        00000
__Hsfr39                                             sfr39        00000
__Hsfr4                                              sfr4         00000
__Hsfr40                                             sfr40        00000
__Hsfr41                                             sfr41        00000
__Hsfr42                                             sfr42        00000
__Hsfr43                                             sfr43        00000
__Hsfr44                                             sfr44        00000
__Hsfr45                                             sfr45        00000
__Hsfr46                                             sfr46        00000
__Hsfr47                                             sfr47        00000
__Hsfr48                                             sfr48        00000
__Hsfr49                                             sfr49        00000
__Hsfr5                                              sfr5         00000
__Hsfr50                                             sfr50        00000
__Hsfr51                                             sfr51        00000
__Hsfr52                                             sfr52        00000
__Hsfr53                                             sfr53        00000
__Hsfr54                                             sfr54        00000
__Hsfr55                                             sfr55        00000
__Hsfr56                                             sfr56        00000
__Hsfr57                                             sfr57        00000
__Hsfr58                                             sfr58        00000
__Hsfr59                                             sfr59        00000
__Hsfr6                                              sfr6         00000
__Hsfr60                                             sfr60        00000
__Hsfr61                                             sfr61        00000
__Hsfr62                                             sfr62        00000
__Hsfr63                                             sfr63        00000
__Hsfr7                                              sfr7         00000
__Hsfr8                                              sfr8         00000
__Hsfr9                                              sfr9         00000
__Hsivt                                              sivt         00025
__Hspace_0                                           (abs)        00707
__Hspace_1                                           (abs)        00160
__Hspace_2                                           (abs)        00000
__Hspace_3                                           (abs)        00000
__Hspace_4                                           (abs)        10013
__Hstack                                             stack        00000
__Hstrings                                           strings      00000
__Hstringtext1                                       stringtext1  00000
__Hstringtext2                                       stringtext2  00000
__Hstringtext3                                       stringtext3  00000
__Hstringtext4                                       stringtext4  00000
__Hstringtext5                                       stringtext5  00000
__Hstringtext6                                       stringtext6  00000
__Hstringtext7                                       stringtext7  00000
__Hstringtext8                                       stringtext8  00000
__Hstringtext9                                       stringtext9  00000
__Htext                                              text         00000
__L__absolute__                                      __absolute__ 00000
__Labs1                                              abs1         00000
__Lbank0                                             bank0        00000
__Lbank1                                             bank1        00000
__Lbank10                                            bank10       00000
__Lbank11                                            bank11       00000
__Lbank12                                            bank12       00000
__Lbank13                                            bank13       00000
__Lbank14                                            bank14       00000
__Lbank15                                            bank15       00000
__Lbank16                                            bank16       00000
__Lbank17                                            bank17       00000
__Lbank18                                            bank18       00000
__Lbank19                                            bank19       00000
__Lbank2                                             bank2        00000
__Lbank20                                            bank20       00000
__Lbank21                                            bank21       00000
__Lbank22                                            bank22       00000
__Lbank23                                            bank23       00000
__Lbank24                                            bank24       00000
__Lbank25                                            bank25       00000
__Lbank26                                            bank26       00000
__Lbank27                                            bank27       00000
__Lbank28                                            bank28       00000
__Lbank29                                            bank29       00000
__Lbank3                                             bank3        00000
__Lbank30                                            bank30       00000
__Lbank31                                            bank31       00000
__Lbank32                                            bank32       00000
__Lbank33                                            bank33       00000
__Lbank34                                            bank34       00000
__Lbank35                                            bank35       00000
__Lbank36                                            bank36       00000
__Lbank37                                            bank37       00000
__Lbank38                                            bank38       00000
__Lbank39                                            bank39       00000
__Lbank4                                             bank4        00000
__Lbank40                                            bank40       00000
__Lbank41                                            bank41       00000
__Lbank42                                            bank42       00000
__Lbank43                                            bank43       00000
__Lbank44                                            bank44       00000
__Lbank45                                            bank45       00000
__Lbank46                                            bank46       00000
__Lbank47                                            bank47       00000
__Lbank48                                            bank48       00000
__Lbank49                                            bank49       00000
__Lbank5                                             bank5        00000
__Lbank50                                            bank50       00000
__Lbank51                                            bank51       00000
__Lbank52                                            bank52       00000
__Lbank53                                            bank53       00000
__Lbank54                                            bank54       00000
__Lbank55                                            bank55       00000
__Lbank56                                            bank56       00000
__Lbank57                                            bank57       00000
__Lbank58                                            bank58       00000
__Lbank59                                            bank59       00000
__Lbank6                                             bank6        00000
__Lbank60                                            bank60       00000
__Lbank61                                            bank61       00000
__Lbank62                                            bank62       00000
__Lbank63                                            bank63       00000
__Lbank7                                             bank7        00000
__Lbank8                                             bank8        00000
__Lbank9                                             bank9        00000
__Lbigram                                            bigram       00000
__LbssBANK0                                          bssBANK0     00000
__LbssBANK1                                          bssBANK1     00000
__LbssBANK2                                          bssBANK2     00000
__LbssCOMMON                                         bssCOMMON    00000
__Lcinit                                             cinit        00027
__Lclrtext                                           clrtext      00000
__Lcode                                              code         00000
__Lcommon                                            common       00000
__Lconfig                                            config       00000
__LcstackBANK0                                       cstackBANK0  00000
__LcstackCOMMON                                      cstackCOMMON 00000
__Leeprom_data                                       eeprom_data  00000
__Lend_init                                          end_init     00025
__Lfunctab                                           functab      00000
__Lheap                                              heap         00000
__Linit                                              init         00025
__Lintentry                                          intentry     00004
__Lmaintext                                          maintext     00000
__Lpowerup                                           powerup      00000
__Lram                                               ram          00000
__Lreset_vec                                         reset_vec    00000
__Lsfr0                                              sfr0         00000
__Lsfr1                                              sfr1         00000
__Lsfr10                                             sfr10        00000
__Lsfr11                                             sfr11        00000
__Lsfr12                                             sfr12        00000
__Lsfr13                                             sfr13        00000
__Lsfr14                                             sfr14        00000
__Lsfr15                                             sfr15        00000
__Lsfr16                                             sfr16        00000
__Lsfr17                                             sfr17        00000
__Lsfr18                                             sfr18        00000
__Lsfr19                                             sfr19        00000
__Lsfr2                                              sfr2         00000
__Lsfr20                                             sfr20        00000
__Lsfr21                                             sfr21        00000
__Lsfr22                                             sfr22        00000
__Lsfr23                                             sfr23        00000
__Lsfr24                                             sfr24        00000
__Lsfr25                                             sfr25        00000
__Lsfr26                                             sfr26        00000
__Lsfr27                                             sfr27        00000
__Lsfr28                                             sfr28        00000
__Lsfr29                                             sfr29        00000
__Lsfr3                                              sfr3         00000
__Lsfr30                                             sfr30        00000
__Lsfr31                                             sfr31        00000
__Lsfr32                                             sfr32        00000
__Lsfr33                                             sfr33        00000
__Lsfr34                                             sfr34        00000
__Lsfr35                                             sfr35        00000
__Lsfr36                                             sfr36        00000
__Lsfr37                                             sfr37        00000
__Lsfr38                                             sfr38        00000
__Lsfr39                                             sfr39        00000
__Lsfr4                                              sfr4         00000
__Lsfr40                                             sfr40        00000
__Lsfr41                                             sfr41        00000
__Lsfr42                                             sfr42        00000
__Lsfr43                                             sfr43        00000
__Lsfr44                                             sfr44        00000
__Lsfr45                                             sfr45        00000
__Lsfr46                                             sfr46        00000
__Lsfr47                                             sfr47        00000
__Lsfr48                                             sfr48        00000
__Lsfr49                                             sfr49        00000
__Lsfr5                                              sfr5         00000
__Lsfr50                                             sfr50        00000
__Lsfr51                                             sfr51        00000
__Lsfr52                                             sfr52        00000
__Lsfr53                                             sfr53        00000
__Lsfr54                                             sfr54        00000
__Lsfr55                                             sfr55        00000
__Lsfr56                                             sfr56        00000
__Lsfr57                                             sfr57        00000
__Lsfr58                                             sfr58        00000
__Lsfr59                                             sfr59        00000
__Lsfr6                                              sfr6         00000
__Lsfr60                                             sfr60        00000
__Lsfr61                                             sfr61        00000
__Lsfr62                                             sfr62        00000
__Lsfr63                                             sfr63        00000
__Lsfr7                                              sfr7         00000
__Lsfr8                                              sfr8         00000
__Lsfr9                                              sfr9         00000
__Lsivt                                              sivt         00025
__Lspace_0                                           (abs)        00000
__Lspace_1                                           (abs)        00000
__Lspace_2                                           (abs)        00000
__Lspace_3                                           (abs)        00000
__Lspace_4                                           (abs)        00000
__Lstack                                             stack        00000
__Lstrings                                           strings      00000
__Lstringtext1                                       stringtext1  00000
__Lstringtext2                                       stringtext2  00000
__Lstringtext3                                       stringtext3  00000
__Lstringtext4                                       stringtext4  00000
__Lstringtext5                                       stringtext5  00000
__Lstringtext6                                       stringtext6  00000
__Lstringtext7                                       stringtext7  00000
__Lstringtext8                                       stringtext8  00000
__Lstringtext9                                       stringtext9  00000
__Ltext                                              text         00000
__S0                                                 (abs)        00707
__S1                                                 (abs)        00160
___awdiv                                             text27       001D4
___awdiv@counter                                     cstackBANK0  00025
___awdiv@dividend                                    cstackBANK0  00022
___awdiv@divisor                                     cstackBANK0  00020
___awdiv@quotient                                    cstackBANK0  00027
___awdiv@sign                                        cstackBANK0  00026
___heap_hi                                           (abs)        00000
___heap_lo                                           (abs)        00000
___int_sp                                            stack        00000
___int_stack_hi                                      stack        00000
___int_stack_lo                                      stack        00000
___latbits                                           (abs)        00001
___sp                                                stack        00000
___stack_hi                                          stack        00000
___stack_lo                                          stack        00000
___stackhi                                           (abs)        00000
___stacklo                                           (abs)        00000
___wmul                                              text25       0050E
___wmul@multiplicand                                 cstackBANK0  00022
___wmul@multiplier                                   cstackBANK0  00020
___wmul@product                                      cstackBANK0  00024
__end_of_CLOCK_Initialize                            text10       006AC
__end_of_EUSART1_FramingErrorCallbackRegister        text9        00651
__end_of_EUSART1_Initialize                          text7        0054D
__end_of_EUSART1_OverrunErrorCallbackRegister        text8        00645
__end_of_I2C1_AckSend                                text52       006E4
__end_of_I2C1_BusReset                               text58       006EC
__end_of_I2C1_Close                                  text54       005E9
__end_of_I2C1_DataReceive                            text51       006FE
__end_of_I2C1_DataTransmit                           text46       006C8
__end_of_I2C1_ERROR_ISR                              text34       006D4
__end_of_I2C1_EVENT_ERROR                            text38       006B8
__end_of_I2C1_EVENT_IDLE                             text43       006D8
__end_of_I2C1_EVENT_NACK                             text39       006BE
__end_of_I2C1_EVENT_RESET                            text36       00693
__end_of_I2C1_EVENT_RX                               text40       00401
__end_of_I2C1_EVENT_SEND_RD_ADDR                     text42       0067E
__end_of_I2C1_EVENT_SEND_WR_ADDR                     text41       0069A
__end_of_I2C1_EVENT_STOP                             text37       00676
__end_of_I2C1_EVENT_TX                               text44       004C6
__end_of_I2C1_ErrorEventHandler                      text35       00589
__end_of_I2C1_ErrorInterruptClear                    text57       00707
__end_of_I2C1_EventHandler                           text30       0032D
__end_of_I2C1_Host                                   stringtext3  005D5
__end_of_I2C1_ISR                                    text29       006D0
__end_of_I2C1_Initialize                             text5        00608
__end_of_I2C1_InterruptClear                         text56       00704
__end_of_I2C1_InterruptsEnable                       text6        006CC
__end_of_I2C1_IsAddr                                 text33       0068C
__end_of_I2C1_IsBusy                                 text19       006F2
__end_of_I2C1_IsData                                 text32       006C3
__end_of_I2C1_IsNack                                 text31       006B2
__end_of_I2C1_IsRxBufFull                            text50       006E0
__end_of_I2C1_NackSend                               text49       006DC
__end_of_I2C1_ReceiveEnable                          text48       006FB
__end_of_I2C1_RestartDisable                         text47       006F8
__end_of_I2C1_RestartEnable                          text45       006F5
__end_of_I2C1_StartSend                              text18       006EF
__end_of_I2C1_StatusFlagsClear                       text55       006E8
__end_of_I2C1_StopSend                               text53       00701
__end_of_I2C1_Write                                  text16       0056C
__end_of_I2C1_WriteStart                             text17       00685
__end_of_INTERRUPT_Initialize                        text3        00639
__end_of_INTERRUPT_InterruptManager                  intentry     00025
__end_of_INT_SetInterruptHandler                     text4        006A6
__end_of_OLED_ClearScreen                            text21       00615
__end_of_OLED_DrawChar                               text24       0015C
__end_of_OLED_DrawString                             text23       001D4
__end_of_OLED_Init                                   text11       000E0
__end_of_OLED_RefreshScreen                          text13       00378
__end_of_OLED_SetPixel                               text26       00291
__end_of_PIN_MANAGER_Initialize                      text2        0046A
__end_of_SYSTEM_Initialize                           text1        005F9
__end_of_UART1                                       stringtext2  0049A
__end_of___awdiv                                     text27       00234
__end_of___wmul                                      text25       0052E
__end_of__initialization                             cinit        00043
__end_of_basicFont_5x7                               stringtext1  00438
__end_of_i2c1_eventTable                             stringtext4  004FF
__end_of_main                                        maintext     002E0
__end_of_memcpy                                      text20       004ED
__end_of_memset                                      text22       005C1
__end_of_oled_send_command                           text12       0066E
__end_of_oled_send_command_sequence                  text15       003C1
__end_of_oled_set_address_window                     text14       005A5
__initialization                                     cinit        00027
__pbssBANK0                                          bssBANK0     0004E
__pbssBANK1                                          bssBANK1     000A0
__pbssBANK2                                          bssBANK2     00120
__pbssCOMMON                                         bssCOMMON    00075
__pcstackBANK0                                       cstackBANK0  00020
__pcstackCOMMON                                      cstackCOMMON 00070
__pintentry                                          intentry     00004
__pmaintext                                          maintext     00291
__pstringtext1                                       stringtext1  00401
__pstringtext2                                       stringtext2  0046A
__pstringtext3                                       stringtext3  005C1
__pstringtext4                                       stringtext4  004ED
__pstringtext5                                       stringtext5  00615
__pstringtext6                                       stringtext6  00621
__pstringtext7                                       stringtext7  00651
__pstringtext8                                       stringtext8  0065C
__pstringtext9                                       stringtext9  00000
__ptext1                                             text1        005E9
__ptext10                                            text10       006A6
__ptext11                                            text11       00047
__ptext12                                            text12       00665
__ptext13                                            text13       0032D
__ptext14                                            text14       00589
__ptext15                                            text15       00378
__ptext16                                            text16       0054D
__ptext17                                            text17       0067E
__ptext18                                            text18       006EC
__ptext19                                            text19       006EF
__ptext2                                             text2        00438
__ptext20                                            text20       004C6
__ptext21                                            text21       00608
__ptext22                                            text22       005A5
__ptext23                                            text23       0015C
__ptext24                                            text24       000E0
__ptext25                                            text25       0050E
__ptext26                                            text26       00234
__ptext27                                            text27       001D4
__ptext29                                            text29       006CC
__ptext3                                             text3        0062D
__ptext30                                            text30       002E0
__ptext31                                            text31       006AC
__ptext32                                            text32       006BE
__ptext33                                            text33       00685
__ptext34                                            text34       006D0
__ptext35                                            text35       0056C
__ptext36                                            text36       0068C
__ptext37                                            text37       0066E
__ptext38                                            text38       006B2
__ptext39                                            text39       006B8
__ptext4                                             text4        006A0
__ptext40                                            text40       003C1
__ptext41                                            text41       00693
__ptext42                                            text42       00676
__ptext43                                            text43       006D4
__ptext44                                            text44       0049A
__ptext45                                            text45       006F2
__ptext46                                            text46       006C3
__ptext47                                            text47       006F5
__ptext48                                            text48       006F8
__ptext49                                            text49       006D8
__ptext5                                             text5        005F9
__ptext50                                            text50       006DC
__ptext51                                            text51       006FB
__ptext52                                            text52       006E0
__ptext53                                            text53       006FE
__ptext54                                            text54       005D5
__ptext55                                            text55       006E4
__ptext56                                            text56       00701
__ptext57                                            text57       00704
__ptext58                                            text58       006E8
__ptext6                                             text6        006C8
__ptext7                                             text7        0052E
__ptext8                                             text8        00639
__ptext9                                             text9        00645
_basicFont_5x7                                       stringtext1  00401
_eusart1RxLastError                                  bssBANK0     0005D
_i2c1Status                                          bssBANK0     0004E
_i2c1_eventTable                                     stringtext4  004ED
_i2c_command_tx_buffer                               bssBANK0     00061
_i2c_page_tx_buffer                                  bssBANK1     000A0
_main                                                maintext     00291
_memcpy                                              text20       004C6
_memset                                              text22       005A5
_oled_buffer                                         bssBANK2     00120
_oled_send_command                                   text12       00665
_oled_send_command_sequence                          text15       00378
_oled_set_address_window                             text14       00589
btemp                                                (abs)        0007E
clear_ram0                                           clrtext      0069A
end_of_initialization                                cinit        00043
int$flags                                            (abs)        0007E
intlevel0                                            functab      00000
intlevel1                                            functab      00000
intlevel2                                            functab      00000
intlevel3                                            functab      00000
intlevel4                                            functab      00000
intlevel5                                            functab      00000
memcpy@d                                             cstackBANK0  00026
memcpy@d1                                            cstackBANK0  00025
memcpy@n                                             cstackBANK0  00021
memcpy@s                                             cstackBANK0  00027
memcpy@s1                                            cstackBANK0  00020
memcpy@tmp                                           cstackBANK0  00024
memset@c                                             cstackBANK0  00020
memset@dest                                          cstackBANK0  00025
memset@n                                             cstackBANK0  00022
memset@p                                             cstackBANK0  00026
oled_send_command@command_byte                       cstackBANK0  00029
oled_send_command_sequence@commands                  cstackBANK0  00028
oled_send_command_sequence@i                         cstackBANK0  00027
oled_send_command_sequence@length                    cstackBANK0  00025
oled_set_address_window@cmd_seq                      cstackBANK0  0002D
oled_set_address_window@col_end                      cstackBANK0  00029
oled_set_address_window@col_start                    cstackBANK0  0002C
oled_set_address_window@page_end                     cstackBANK0  0002B
oled_set_address_window@page_start                   cstackBANK0  0002A
reset_vec                                            reset_vec    00000
start                                                init         00025
start_initialization                                 cinit        00027
wtemp0                                               (abs)        0007E


MODULE INFORMATION

Module		Function		Class		Link	Load	Size
oled_ssd1306.c
		_OLED_DrawString		CODE           	015C	0000	120
		_oled_send_command		CODE           	0665	0000	9
		_OLED_ClearScreen		CODE           	0608	0000	13
		_OLED_Init     		CODE           	0047	0000	153
		_OLED_DrawChar 		CODE           	00E0	0000	124
		_OLED_SetPixel 		CODE           	0234	0000	93
		_oled_set_address_window		CODE           	0589	0000	28
		_OLED_RefreshScreen		CODE           	032D	0000	75
		_oled_send_command_sequence		CODE           	0378	0000	73

oled_ssd1306.c estimated size: 688

C:\Program Files\Microchip\xc8\v2.46\pic\sources\c99\common\awdiv.c
		___awdiv       		CODE           	01D4	0000	96

C:\Program Files\Microchip\xc8\v2.46\pic\sources\c99\common\awdiv.c estimated size: 96

mcc_generated_files/system/src/interrupt.c
		_INT_SetInterruptHandler		CODE           	06A0	0000	6
		_INTERRUPT_Initialize		CODE           	062D	0000	12
		_INTERRUPT_InterruptManager		CODE           	0004	0000	33

mcc_generated_files/system/src/interrupt.c estimated size: 51

mcc_generated_files/i2c_host/src/mssp1.c
		_I2C1_EVENT_SEND_WR_ADDR		CODE           	0693	0000	7
		_I2C1_NackSend 		CODE           	06D8	0000	4
		_I2C1_ErrorEventHandler		CODE           	056C	0000	29
		_I2C1_EVENT_RESET		CODE           	068C	0000	7
		_I2C1_EVENT_ERROR		CODE           	06B2	0000	6
		_I2C1_ErrorInterruptClear		CODE           	0704	0000	3
		_I2C1_StatusFlagsClear		CODE           	06E4	0000	4
		_I2C1_InterruptsEnable		CODE           	06C8	0000	4
		_I2C1_InterruptClear		CODE           	0701	0000	3
		_I2C1_WriteStart		CODE           	067E	0000	7
		_I2C1_EVENT_RX 		CODE           	03C1	0000	64
		_I2C1_EVENT_TX 		CODE           	049A	0000	44
		_I2C1_ReceiveEnable		CODE           	06F8	0000	3
		_I2C1_RestartEnable		CODE           	06F2	0000	3
		_I2C1_ISR      		CODE           	06CC	0000	4
		_I2C1_EventHandler		CODE           	02E0	0000	77
		_I2C1_DataReceive		CODE           	06FB	0000	3
		_I2C1_IsData   		CODE           	06BE	0000	5
		_I2C1_IsNack   		CODE           	06AC	0000	6
		_I2C1_IsAddr   		CODE           	0685	0000	7
		_I2C1_IsBusy   		CODE           	06EF	0000	3
		_I2C1_EVENT_IDLE		CODE           	06D4	0000	4
		_I2C1_EVENT_NACK		CODE           	06B8	0000	6
		_I2C1_EVENT_SEND_RD_ADDR		CODE           	0676	0000	8
		_I2C1_EVENT_STOP		CODE           	066E	0000	8
		_I2C1_BusReset 		CODE           	06E8	0000	4
		_I2C1_Initialize		CODE           	05F9	0000	15
		_I2C1_Close    		CODE           	05D5	0000	20
		_I2C1_ERROR_ISR		CODE           	06D0	0000	4
		_I2C1_IsRxBufFull		CODE           	06DC	0000	4
		_I2C1_Write    		CODE           	054D	0000	31
		_I2C1_StopSend 		CODE           	06FE	0000	3
		_I2C1_RestartDisable		CODE           	06F5	0000	3
		_I2C1_DataTransmit		CODE           	06C3	0000	5
		_I2C1_AckSend  		CODE           	06E0	0000	4
		_I2C1_StartSend		CODE           	06EC	0000	3

mcc_generated_files/i2c_host/src/mssp1.c estimated size: 415

C:\Program Files\Microchip\xc8\v2.46\pic\sources\c99\common\memset.c
		_memset        		CODE           	05A5	0000	28

C:\Program Files\Microchip\xc8\v2.46\pic\sources\c99\common\memset.c estimated size: 28

mcc_generated_files/system/src/pins.c
		_PIN_MANAGER_Initialize		CODE           	0438	0000	50

mcc_generated_files/system/src/pins.c estimated size: 50

shared
		__initialization		CODE           	0027	0000	28
		_I2C1_Host     		STRCODE        	0000	0000	0
		_i2c1_eventTable		STRCODE        	04ED	0000	18
		_UART1         		STRCODE        	0000	0000	0
		_basicFont_5x7 		STRCODE        	0401	0000	55

shared estimated size: 101

C:\Program Files\Microchip\xc8\v2.46\pic\sources\c99\common\Umul16.c
		___wmul        		CODE           	050E	0000	32

C:\Program Files\Microchip\xc8\v2.46\pic\sources\c99\common\Umul16.c estimated size: 32

C:\Program Files\Microchip\xc8\v2.46\pic\sources\c99\common\memcpy.c
		_memcpy        		CODE           	04C6	0000	39

C:\Program Files\Microchip\xc8\v2.46\pic\sources\c99\common\memcpy.c estimated size: 39

mcc_generated_files/system/src/clock.c
		_CLOCK_Initialize		CODE           	06A6	0000	6

mcc_generated_files/system/src/clock.c estimated size: 6

main.c
		_main          		CODE           	0291	0000	79

main.c estimated size: 79

mcc_generated_files/uart/src/eusart1.c
		_EUSART1_Initialize		CODE           	052E	0000	31
		_EUSART1_FramingErrorCallbackRegister		CODE           	0645	0000	12
		_EUSART1_OverrunErrorCallbackRegister		CODE           	0639	0000	12

mcc_generated_files/uart/src/eusart1.c estimated size: 55

mcc_generated_files/system/src/system.c
		_SYSTEM_Initialize		CODE           	05E9	0000	16

mcc_generated_files/system/src/system.c estimated size: 16

